// Jest Snapshot v1, https://goo.gl/fbAQLP

exports[`Happy path 1`] = `
Object {
  "devDependencies": Object {
    "oc-template-react-compiler": "*",
  },
  "name": "react-component",
  "oc": Object {
    "date": "",
    "files": Object {
      "dataProvider": Object {
        "hashKey": "a1d50b21a0282a39515de9b50a333f9b4ab8d9c7",
        "src": "server.js",
        "type": "node.js",
      },
      "static": Array [
        "assets",
      ],
      "template": Object {
        "hashKey": "6774aea90b8fbb0f70c81153b5290fecb3c98e42",
        "src": "template.js",
        "type": "oc-template-react",
        "version": "",
      },
    },
    "packaged": true,
    "version": "1.0.0",
  },
  "version": "1.0.0",
}
`;

exports[`Happy path 2`] = `
Array [
  Object {
    "path": "../../../mocks/react-component/_compile-tests-package1/assets/img/test.png",
    "source": "img-binary",
  },
  Object {
    "path": "../../../mocks/react-component/_compile-tests-package1/assets/js/lib.js",
    "source": "const text = \\"Hello World\\";
const say = something => console.log(something);
say(text);
",
  },
  Object {
    "path": "../../../mocks/react-component/_compile-tests-package1/package.json",
    "source": "{\\"name\\":\\"react-component\\",\\"version\\":\\"1.0.0\\",\\"oc\\":{\\"files\\":{\\"static\\":[\\"assets\\"],\\"template\\":{\\"type\\":\\"oc-template-react\\",\\"hashKey\\":\\"4586e62c222656a2499073460264b39584423f7f\\",\\"src\\":\\"template.js\\",\\"version\\":\\"6.6.6\\"},\\"dataProvider\\":{\\"type\\":\\"node.js\\",\\"hashKey\\":\\"a1d50b21a0282a39515de9b50a333f9b4ab8d9c7\\",\\"src\\":\\"server.js\\"}},\\"version\\":\\"1.0.0\\",\\"packaged\\":true,},\\"devDependencies\\":{\\"oc-template-react-compiler\\":\\"*\\"}}
",
  },
  Object {
    "path": "../../../mocks/react-component/_compile-tests-package1/react-component.js",
    "source": "var oc=oc||{};oc.reactComponents=oc.reactComponents||{};oc.reactComponents['445312f64fea67fd3f958058a5aa551acae1ebae']=oc.reactComponents['445312f64fea67fd3f958058a5aa551acae1ebae']||(function(){var module = (function(a){function b(d){if(c[d])return c[d].exports;var e=c[d]={i:d,l:!1,exports:{}};return a[d].call(e.exports,e,e.exports,b),e.l=!0,e.exports}var c={};return b.m=a,b.c=c,b.d=function(a,c,d){b.o(a,c)||Object.defineProperty(a,c,{configurable:!1,enumerable:!0,get:d})},b.n=function(a){var c=a&&a.__esModule?function(){return a['default']}:function(){return a};return b.d(c,'a',c),c},b.o=function(a,b){return Object.prototype.hasOwnProperty.call(a,b)},b.p='',b(b.s=1)})([function(a){a.exports=React},function(a,b,c){'use strict';function d(a,b){var c={};for(var d in a)0<=b.indexOf(d)||Object.prototype.hasOwnProperty.call(a,d)&&(c[d]=a[d]);return c}function e(a,b){if(!(a instanceof b))throw new TypeError('Cannot call a class as a function')}function f(a,b){if(!a)throw new ReferenceError('this hasn\\\\'t been initialised - super() hasn\\\\'t been called');return b&&('object'==typeof b||'function'==typeof b)?b:a}function g(a,b){if('function'!=typeof b&&null!==b)throw new TypeError('Super expression must either be null or a function, not '+typeof b);a.prototype=Object.create(b&&b.prototype,{constructor:{value:a,enumerable:!1,writable:!0,configurable:!0}}),b&&(Object.setPrototypeOf?Object.setPrototypeOf(a,b):a.__proto__=b)}Object.defineProperty(b,'__esModule',{value:!0});var h=c(2),i=c.n(h),j=c(0),k=c.n(j),l=c(3),m=function(a){function b(){return e(this,b),f(this,a.apply(this,arguments))}return g(b,a),b.prototype.getChildContext=function(){var a=this;return{getData:function(b,c){return windows.oc.getData({name:a.props._componentName,version:a.props._componentVersion,baseUrl:a.props._baseUrl,parameters:b},c)}}},b.prototype.render=function(){var a=this.props,b=a._staticPath,c=a._baseUrl,e=a._componentName,f=a._componentVersion,g=d(a,['_staticPath','_baseUrl','_componentName','_componentVersion']);return k.a.createElement(l.a,g)},b}(k.a.Component);b['default']=m,m.childContextTypes={getData:i.a.func}},function(a){a.exports=PropTypes},function(a,b,c){'use strict';var d=c(0),e=c.n(d);b.a=function(){return e.a.createElement('div',null,'Hello')}}]);; return module.default}())",
  },
  Object {
    "path": "../../../mocks/react-component/_compile-tests-package1/server.js",
    "source": "module.exports=function(a){function b(d){if(c[d])return c[d].exports;var e=c[d]={i:d,l:!1,exports:{}};return a[d].call(e.exports,e,e.exports,b),e.l=!0,e.exports}var c={};return b.m=a,b.c=c,b.d=function(a,c,d){b.o(a,c)||Object.defineProperty(a,c,{configurable:!1,enumerable:!0,get:d})},b.n=function(a){var c=a&&a.__esModule?function(){return a['default']}:function(){return a};return b.d(c,'a',c),c},b.o=function(a,b){return Object.prototype.hasOwnProperty.call(a,b)},b.p='',b(b.s=0)}([function(a,b,c){'use strict';Object.defineProperty(b,'__esModule',{value:!0});var d=c(1);b.data=(a,b)=>{Object(d.a)(a,(c,d)=>{if(c)return b(c);const e=Object.assign({},d,{_staticPath:a.staticPath,_baseUrl:a.baseUrl,_componentName:'react-component',_componentVersion:'1.0.0'}),f=a.env&&'local'===a.env.name?a.staticPath:'https:'+a.staticPath;return b(null,Object.assign({},{reactComponent:{key:'9226c0643c9b97f8cbe8fcfd3cf8d343b8d88eba',src:f+'react-component.js',props:e}}))})}},function(a,b){'use strict';b.a=(a,b)=>{const c=a.params.name;return b(null,{name:c})}}]);",
  },
  Object {
    "path": "../../../mocks/react-component/_compile-tests-package1/template.js",
    "source": "var oc=oc||{};oc.components=oc.components||{};oc.components['6774aea90b8fbb0f70c81153b5290fecb3c98e42']=function(model){ return \`<div id=\\"oc-reactRoot-react-component\\" class=\\"oc-reactRoot-react-component\\" >\${ model.__html ? model.__html : '' }</div> <style>null</style> <script> window.oc = window.oc || {}; oc.cmd = oc.cmd || []; oc.cmd.push(function(oc){ oc.requireSeries([{\\"name\\":\\"prop-types\\",\\"global\\":\\"PropTypes\\",\\"url\\":\\"cdn.com/prop-types\\"},{\\"name\\":\\"react\\",\\"global\\":\\"React\\",\\"url\\":\\"cdn.com/react\\"},{\\"name\\":\\"react-dom\\",\\"global\\":\\"ReactDOM\\",\\"url\\":\\"cdn.com/react-dom\\"}], function(){ oc.require( ['oc', 'reactComponents', '445312f64fea67fd3f958058a5aa551acae1ebae'], '\${model.reactComponent.props._staticPath}react-component.js', function(ReactComponent){ var targetNode = document.getElementById(\\"oc-reactRoot-react-component\\"); targetNode.setAttribute(\\"id\\",\\"\\"); ReactDOM.render(React.createElement(ReactComponent, \${JSON.stringify(model.reactComponent.props)}),targetNode); } ); }); }); </script> \`; }",
  },
]
`;

exports[`Happy path 3`] = `
Object {
  "devDependencies": Object {
    "oc-template-react-compiler": "*",
  },
  "name": "react-component-with-css",
  "oc": Object {
    "date": "",
    "files": Object {
      "dataProvider": Object {
        "hashKey": "7e88b056eadc8ed1bc3224510cacf4112a954ee1",
        "src": "server.js",
        "type": "node.js",
      },
      "static": Array [
        "assets",
      ],
      "template": Object {
        "hashKey": "e9ba7a11319bcb5e4afd8846a395c9e00bc7d091",
        "src": "template.js",
        "type": "oc-template-react",
        "version": "",
      },
    },
    "packaged": true,
    "version": "1.0.0",
  },
  "version": "1.0.0",
}
`;

exports[`Happy path 4`] = `
Array [
  Object {
    "path": "../../../mocks/react-component-with-css/_compile-tests-package1/assets/img/test.png",
    "source": "img-binary",
  },
  Object {
    "path": "../../../mocks/react-component-with-css/_compile-tests-package1/assets/js/lib.js",
    "source": "const text = \\"Hello World\\";
const say = something => console.log(something);
say(text);
",
  },
  Object {
    "path": "../../../mocks/react-component-with-css/_compile-tests-package1/package.json",
    "source": "{\\"name\\":\\"react-component-with-css\\",\\"version\\":\\"1.0.0\\",\\"oc\\":{\\"files\\":{\\"static\\":[\\"assets\\"],\\"template\\":{\\"type\\":\\"oc-template-react\\",\\"hashKey\\":\\"090fb67c05965af5f15baf013f0d237bdf166340\\",\\"src\\":\\"template.js\\",\\"version\\":\\"6.6.6\\"},\\"dataProvider\\":{\\"type\\":\\"node.js\\",\\"hashKey\\":\\"7e88b056eadc8ed1bc3224510cacf4112a954ee1\\",\\"src\\":\\"server.js\\"}},\\"version\\":\\"1.0.0\\",\\"packaged\\":true,},\\"devDependencies\\":{\\"oc-template-react-compiler\\":\\"*\\"}}
",
  },
  Object {
    "path": "../../../mocks/react-component-with-css/_compile-tests-package1/react-component.js",
    "source": "var oc=oc||{};oc.reactComponents=oc.reactComponents||{};oc.reactComponents['22ebdc1ee2c46e98121bfed4665285115bf3f342']=oc.reactComponents['22ebdc1ee2c46e98121bfed4665285115bf3f342']||(function(){var module = (function(a){function b(d){if(c[d])return c[d].exports;var e=c[d]={i:d,l:!1,exports:{}};return a[d].call(e.exports,e,e.exports,b),e.l=!0,e.exports}var c={};return b.m=a,b.c=c,b.d=function(a,c,d){b.o(a,c)||Object.defineProperty(a,c,{configurable:!1,enumerable:!0,get:d})},b.n=function(a){var c=a&&a.__esModule?function(){return a['default']}:function(){return a};return b.d(c,'a',c),c},b.o=function(a,b){return Object.prototype.hasOwnProperty.call(a,b)},b.p='',b(b.s=1)})([function(a){a.exports=React},function(a,b,c){'use strict';function d(a,b){var c={};for(var d in a)0<=b.indexOf(d)||Object.prototype.hasOwnProperty.call(a,d)&&(c[d]=a[d]);return c}function e(a,b){if(!(a instanceof b))throw new TypeError('Cannot call a class as a function')}function f(a,b){if(!a)throw new ReferenceError('this hasn\\\\'t been initialised - super() hasn\\\\'t been called');return b&&('object'==typeof b||'function'==typeof b)?b:a}function g(a,b){if('function'!=typeof b&&null!==b)throw new TypeError('Super expression must either be null or a function, not '+typeof b);a.prototype=Object.create(b&&b.prototype,{constructor:{value:a,enumerable:!1,writable:!0,configurable:!0}}),b&&(Object.setPrototypeOf?Object.setPrototypeOf(a,b):a.__proto__=b)}Object.defineProperty(b,'__esModule',{value:!0});var h=c(2),i=c.n(h),j=c(0),k=c.n(j),l=c(3),m=function(a){function b(){return e(this,b),f(this,a.apply(this,arguments))}return g(b,a),b.prototype.getChildContext=function(){var a=this;return{getData:function(b,c){return windows.oc.getData({name:a.props._componentName,version:a.props._componentVersion,baseUrl:a.props._baseUrl,parameters:b},c)}}},b.prototype.render=function(){var a=this.props,b=a._staticPath,c=a._baseUrl,e=a._componentName,f=a._componentVersion,g=d(a,['_staticPath','_baseUrl','_componentName','_componentVersion']);return k.a.createElement(l.a,g)},b}(k.a.Component);b['default']=m,m.childContextTypes={getData:i.a.func}},function(a){a.exports=PropTypes},function(a,b,c){'use strict';var d=c(0),e=c.n(d),f=c(4),g=c.n(f);b.a=function(){return e.a.createElement('div',{className:g.a.awesome},'Hello')}},function(a){a.exports={awesome:'awesome__2lltUggH'}}]);; return module.default}())",
  },
  Object {
    "path": "../../../mocks/react-component-with-css/_compile-tests-package1/server.js",
    "source": "module.exports=function(a){function b(d){if(c[d])return c[d].exports;var e=c[d]={i:d,l:!1,exports:{}};return a[d].call(e.exports,e,e.exports,b),e.l=!0,e.exports}var c={};return b.m=a,b.c=c,b.d=function(a,c,d){b.o(a,c)||Object.defineProperty(a,c,{configurable:!1,enumerable:!0,get:d})},b.n=function(a){var c=a&&a.__esModule?function(){return a['default']}:function(){return a};return b.d(c,'a',c),c},b.o=function(a,b){return Object.prototype.hasOwnProperty.call(a,b)},b.p='',b(b.s=0)}([function(a,b,c){'use strict';Object.defineProperty(b,'__esModule',{value:!0});var d=c(1);b.data=(a,b)=>{Object(d.a)(a,(c,d)=>{if(c)return b(c);const e=Object.assign({},d,{_staticPath:a.staticPath,_baseUrl:a.baseUrl,_componentName:'react-component-with-css',_componentVersion:'1.0.0'}),f=a.env&&'local'===a.env.name?a.staticPath:'https:'+a.staticPath;return b(null,Object.assign({},{reactComponent:{key:'9f66a61b9d2a5b5213a8e30a7995d2424fa7369d',src:f+'react-component.js',props:e}}))})}},function(a,b){'use strict';b.a=(a,b)=>{const c=a.params.name;return b(null,{name:c})}}]);",
  },
  Object {
    "path": "../../../mocks/react-component-with-css/_compile-tests-package1/styles.css",
    "source": ".awesome__2lltUggH{font-family:'Hiragino Sans','ヒラギノ角ゴシック','Hiragino Kaku Gothic ProN','ヒラギノ角ゴ ProN W3',Roboto,'Droid Sans','游ゴシック',YuGothic,'メイリオ',Meiryo,sans-serif;background:#db7093}",
  },
  Object {
    "path": "../../../mocks/react-component-with-css/_compile-tests-package1/template.js",
    "source": "var oc=oc||{};oc.components=oc.components||{};oc.components['e9ba7a11319bcb5e4afd8846a395c9e00bc7d091']=function(model){ return \`<div id=\\"oc-reactRoot-react-component-with-css\\" class=\\"oc-reactRoot-react-component-with-css\\" >\${ model.__html ? model.__html : '' }</div> <style>.awesome__2lltUggH{font-family:'Hiragino Sans','ヒラギノ角ゴシック','Hiragino Kaku Gothic ProN','ヒラギノ角ゴ ProN W3',Roboto,'Droid Sans','游ゴシック',YuGothic,'メイリオ',Meiryo,sans-serif;background:#db7093}</style> <script> window.oc = window.oc || {}; oc.cmd = oc.cmd || []; oc.cmd.push(function(oc){ oc.requireSeries([{\\"name\\":\\"prop-types\\",\\"global\\":\\"PropTypes\\",\\"url\\":\\"cdn.com/prop-types\\"},{\\"name\\":\\"react\\",\\"global\\":\\"React\\",\\"url\\":\\"cdn.com/react\\"},{\\"name\\":\\"react-dom\\",\\"global\\":\\"ReactDOM\\",\\"url\\":\\"cdn.com/react-dom\\"}], function(){ oc.require( ['oc', 'reactComponents', '22ebdc1ee2c46e98121bfed4665285115bf3f342'], '\${model.reactComponent.props._staticPath}react-component.js', function(ReactComponent){ var targetNode = document.getElementById(\\"oc-reactRoot-react-component-with-css\\"); targetNode.setAttribute(\\"id\\",\\"\\"); ReactDOM.render(React.createElement(ReactComponent, \${JSON.stringify(model.reactComponent.props)}),targetNode); } ); }); }); </script> \`; }",
  },
]
`;

exports[`Should handle empty static folder 1`] = `
Object {
  "devDependencies": Object {
    "oc-template-react-compiler": "*",
  },
  "name": "react-component",
  "oc": Object {
    "date": "",
    "files": Object {
      "dataProvider": Object {
        "hashKey": "a1d50b21a0282a39515de9b50a333f9b4ab8d9c7",
        "src": "server.js",
        "type": "node.js",
      },
      "static": Array [],
      "template": Object {
        "hashKey": "6774aea90b8fbb0f70c81153b5290fecb3c98e42",
        "src": "template.js",
        "type": "oc-template-react",
        "version": "",
      },
    },
    "packaged": true,
    "version": "1.0.0",
  },
  "version": "1.0.0",
}
`;

exports[`Should handle empty static folder 2`] = `
Array [
  Object {
    "path": "../../../mocks/react-component/_compile-tests-package2/package.json",
    "source": "{\\"name\\":\\"react-component\\",\\"version\\":\\"1.0.0\\",\\"oc\\":{\\"files\\":{\\"template\\":{\\"type\\":\\"oc-template-react\\",\\"hashKey\\":\\"4586e62c222656a2499073460264b39584423f7f\\",\\"src\\":\\"template.js\\",\\"version\\":\\"6.6.6\\"},\\"dataProvider\\":{\\"type\\":\\"node.js\\",\\"hashKey\\":\\"a1d50b21a0282a39515de9b50a333f9b4ab8d9c7\\",\\"src\\":\\"server.js\\"},\\"static\\":[]},\\"version\\":\\"1.0.0\\",\\"packaged\\":true,},\\"devDependencies\\":{\\"oc-template-react-compiler\\":\\"*\\"}}
",
  },
  Object {
    "path": "../../../mocks/react-component/_compile-tests-package2/react-component.js",
    "source": "var oc=oc||{};oc.reactComponents=oc.reactComponents||{};oc.reactComponents['445312f64fea67fd3f958058a5aa551acae1ebae']=oc.reactComponents['445312f64fea67fd3f958058a5aa551acae1ebae']||(function(){var module = (function(a){function b(d){if(c[d])return c[d].exports;var e=c[d]={i:d,l:!1,exports:{}};return a[d].call(e.exports,e,e.exports,b),e.l=!0,e.exports}var c={};return b.m=a,b.c=c,b.d=function(a,c,d){b.o(a,c)||Object.defineProperty(a,c,{configurable:!1,enumerable:!0,get:d})},b.n=function(a){var c=a&&a.__esModule?function(){return a['default']}:function(){return a};return b.d(c,'a',c),c},b.o=function(a,b){return Object.prototype.hasOwnProperty.call(a,b)},b.p='',b(b.s=1)})([function(a){a.exports=React},function(a,b,c){'use strict';function d(a,b){var c={};for(var d in a)0<=b.indexOf(d)||Object.prototype.hasOwnProperty.call(a,d)&&(c[d]=a[d]);return c}function e(a,b){if(!(a instanceof b))throw new TypeError('Cannot call a class as a function')}function f(a,b){if(!a)throw new ReferenceError('this hasn\\\\'t been initialised - super() hasn\\\\'t been called');return b&&('object'==typeof b||'function'==typeof b)?b:a}function g(a,b){if('function'!=typeof b&&null!==b)throw new TypeError('Super expression must either be null or a function, not '+typeof b);a.prototype=Object.create(b&&b.prototype,{constructor:{value:a,enumerable:!1,writable:!0,configurable:!0}}),b&&(Object.setPrototypeOf?Object.setPrototypeOf(a,b):a.__proto__=b)}Object.defineProperty(b,'__esModule',{value:!0});var h=c(2),i=c.n(h),j=c(0),k=c.n(j),l=c(3),m=function(a){function b(){return e(this,b),f(this,a.apply(this,arguments))}return g(b,a),b.prototype.getChildContext=function(){var a=this;return{getData:function(b,c){return windows.oc.getData({name:a.props._componentName,version:a.props._componentVersion,baseUrl:a.props._baseUrl,parameters:b},c)}}},b.prototype.render=function(){var a=this.props,b=a._staticPath,c=a._baseUrl,e=a._componentName,f=a._componentVersion,g=d(a,['_staticPath','_baseUrl','_componentName','_componentVersion']);return k.a.createElement(l.a,g)},b}(k.a.Component);b['default']=m,m.childContextTypes={getData:i.a.func}},function(a){a.exports=PropTypes},function(a,b,c){'use strict';var d=c(0),e=c.n(d);b.a=function(){return e.a.createElement('div',null,'Hello')}}]);; return module.default}())",
  },
  Object {
    "path": "../../../mocks/react-component/_compile-tests-package2/server.js",
    "source": "module.exports=function(a){function b(d){if(c[d])return c[d].exports;var e=c[d]={i:d,l:!1,exports:{}};return a[d].call(e.exports,e,e.exports,b),e.l=!0,e.exports}var c={};return b.m=a,b.c=c,b.d=function(a,c,d){b.o(a,c)||Object.defineProperty(a,c,{configurable:!1,enumerable:!0,get:d})},b.n=function(a){var c=a&&a.__esModule?function(){return a['default']}:function(){return a};return b.d(c,'a',c),c},b.o=function(a,b){return Object.prototype.hasOwnProperty.call(a,b)},b.p='',b(b.s=0)}([function(a,b,c){'use strict';Object.defineProperty(b,'__esModule',{value:!0});var d=c(1);b.data=(a,b)=>{Object(d.a)(a,(c,d)=>{if(c)return b(c);const e=Object.assign({},d,{_staticPath:a.staticPath,_baseUrl:a.baseUrl,_componentName:'react-component',_componentVersion:'1.0.0'}),f=a.env&&'local'===a.env.name?a.staticPath:'https:'+a.staticPath;return b(null,Object.assign({},{reactComponent:{key:'9226c0643c9b97f8cbe8fcfd3cf8d343b8d88eba',src:f+'react-component.js',props:e}}))})}},function(a,b){'use strict';b.a=(a,b)=>{const c=a.params.name;return b(null,{name:c})}}]);",
  },
  Object {
    "path": "../../../mocks/react-component/_compile-tests-package2/template.js",
    "source": "var oc=oc||{};oc.components=oc.components||{};oc.components['6774aea90b8fbb0f70c81153b5290fecb3c98e42']=function(model){ return \`<div id=\\"oc-reactRoot-react-component\\" class=\\"oc-reactRoot-react-component\\" >\${ model.__html ? model.__html : '' }</div> <style>null</style> <script> window.oc = window.oc || {}; oc.cmd = oc.cmd || []; oc.cmd.push(function(oc){ oc.requireSeries([{\\"name\\":\\"prop-types\\",\\"global\\":\\"PropTypes\\",\\"url\\":\\"cdn.com/prop-types\\"},{\\"name\\":\\"react\\",\\"global\\":\\"React\\",\\"url\\":\\"cdn.com/react\\"},{\\"name\\":\\"react-dom\\",\\"global\\":\\"ReactDOM\\",\\"url\\":\\"cdn.com/react-dom\\"}], function(){ oc.require( ['oc', 'reactComponents', '445312f64fea67fd3f958058a5aa551acae1ebae'], '\${model.reactComponent.props._staticPath}react-component.js', function(ReactComponent){ var targetNode = document.getElementById(\\"oc-reactRoot-react-component\\"); targetNode.setAttribute(\\"id\\",\\"\\"); ReactDOM.render(React.createElement(ReactComponent, \${JSON.stringify(model.reactComponent.props)}),targetNode); } ); }); }); </script> \`; }",
  },
]
`;

exports[`Should handle empty static folder 3`] = `
Object {
  "devDependencies": Object {
    "oc-template-react-compiler": "*",
  },
  "name": "react-component-with-css",
  "oc": Object {
    "date": "",
    "files": Object {
      "dataProvider": Object {
        "hashKey": "7e88b056eadc8ed1bc3224510cacf4112a954ee1",
        "src": "server.js",
        "type": "node.js",
      },
      "static": Array [],
      "template": Object {
        "hashKey": "e9ba7a11319bcb5e4afd8846a395c9e00bc7d091",
        "src": "template.js",
        "type": "oc-template-react",
        "version": "",
      },
    },
    "packaged": true,
    "version": "1.0.0",
  },
  "version": "1.0.0",
}
`;

exports[`Should handle empty static folder 4`] = `
Array [
  Object {
    "path": "../../../mocks/react-component-with-css/_compile-tests-package2/package.json",
    "source": "{\\"name\\":\\"react-component-with-css\\",\\"version\\":\\"1.0.0\\",\\"oc\\":{\\"files\\":{\\"template\\":{\\"type\\":\\"oc-template-react\\",\\"hashKey\\":\\"090fb67c05965af5f15baf013f0d237bdf166340\\",\\"src\\":\\"template.js\\",\\"version\\":\\"6.6.6\\"},\\"dataProvider\\":{\\"type\\":\\"node.js\\",\\"hashKey\\":\\"7e88b056eadc8ed1bc3224510cacf4112a954ee1\\",\\"src\\":\\"server.js\\"},\\"static\\":[]},\\"version\\":\\"1.0.0\\",\\"packaged\\":true,},\\"devDependencies\\":{\\"oc-template-react-compiler\\":\\"*\\"}}
",
  },
  Object {
    "path": "../../../mocks/react-component-with-css/_compile-tests-package2/react-component.js",
    "source": "var oc=oc||{};oc.reactComponents=oc.reactComponents||{};oc.reactComponents['22ebdc1ee2c46e98121bfed4665285115bf3f342']=oc.reactComponents['22ebdc1ee2c46e98121bfed4665285115bf3f342']||(function(){var module = (function(a){function b(d){if(c[d])return c[d].exports;var e=c[d]={i:d,l:!1,exports:{}};return a[d].call(e.exports,e,e.exports,b),e.l=!0,e.exports}var c={};return b.m=a,b.c=c,b.d=function(a,c,d){b.o(a,c)||Object.defineProperty(a,c,{configurable:!1,enumerable:!0,get:d})},b.n=function(a){var c=a&&a.__esModule?function(){return a['default']}:function(){return a};return b.d(c,'a',c),c},b.o=function(a,b){return Object.prototype.hasOwnProperty.call(a,b)},b.p='',b(b.s=1)})([function(a){a.exports=React},function(a,b,c){'use strict';function d(a,b){var c={};for(var d in a)0<=b.indexOf(d)||Object.prototype.hasOwnProperty.call(a,d)&&(c[d]=a[d]);return c}function e(a,b){if(!(a instanceof b))throw new TypeError('Cannot call a class as a function')}function f(a,b){if(!a)throw new ReferenceError('this hasn\\\\'t been initialised - super() hasn\\\\'t been called');return b&&('object'==typeof b||'function'==typeof b)?b:a}function g(a,b){if('function'!=typeof b&&null!==b)throw new TypeError('Super expression must either be null or a function, not '+typeof b);a.prototype=Object.create(b&&b.prototype,{constructor:{value:a,enumerable:!1,writable:!0,configurable:!0}}),b&&(Object.setPrototypeOf?Object.setPrototypeOf(a,b):a.__proto__=b)}Object.defineProperty(b,'__esModule',{value:!0});var h=c(2),i=c.n(h),j=c(0),k=c.n(j),l=c(3),m=function(a){function b(){return e(this,b),f(this,a.apply(this,arguments))}return g(b,a),b.prototype.getChildContext=function(){var a=this;return{getData:function(b,c){return windows.oc.getData({name:a.props._componentName,version:a.props._componentVersion,baseUrl:a.props._baseUrl,parameters:b},c)}}},b.prototype.render=function(){var a=this.props,b=a._staticPath,c=a._baseUrl,e=a._componentName,f=a._componentVersion,g=d(a,['_staticPath','_baseUrl','_componentName','_componentVersion']);return k.a.createElement(l.a,g)},b}(k.a.Component);b['default']=m,m.childContextTypes={getData:i.a.func}},function(a){a.exports=PropTypes},function(a,b,c){'use strict';var d=c(0),e=c.n(d),f=c(4),g=c.n(f);b.a=function(){return e.a.createElement('div',{className:g.a.awesome},'Hello')}},function(a){a.exports={awesome:'awesome__2lltUggH'}}]);; return module.default}())",
  },
  Object {
    "path": "../../../mocks/react-component-with-css/_compile-tests-package2/server.js",
    "source": "module.exports=function(a){function b(d){if(c[d])return c[d].exports;var e=c[d]={i:d,l:!1,exports:{}};return a[d].call(e.exports,e,e.exports,b),e.l=!0,e.exports}var c={};return b.m=a,b.c=c,b.d=function(a,c,d){b.o(a,c)||Object.defineProperty(a,c,{configurable:!1,enumerable:!0,get:d})},b.n=function(a){var c=a&&a.__esModule?function(){return a['default']}:function(){return a};return b.d(c,'a',c),c},b.o=function(a,b){return Object.prototype.hasOwnProperty.call(a,b)},b.p='',b(b.s=0)}([function(a,b,c){'use strict';Object.defineProperty(b,'__esModule',{value:!0});var d=c(1);b.data=(a,b)=>{Object(d.a)(a,(c,d)=>{if(c)return b(c);const e=Object.assign({},d,{_staticPath:a.staticPath,_baseUrl:a.baseUrl,_componentName:'react-component-with-css',_componentVersion:'1.0.0'}),f=a.env&&'local'===a.env.name?a.staticPath:'https:'+a.staticPath;return b(null,Object.assign({},{reactComponent:{key:'9f66a61b9d2a5b5213a8e30a7995d2424fa7369d',src:f+'react-component.js',props:e}}))})}},function(a,b){'use strict';b.a=(a,b)=>{const c=a.params.name;return b(null,{name:c})}}]);",
  },
  Object {
    "path": "../../../mocks/react-component-with-css/_compile-tests-package2/styles.css",
    "source": ".awesome__2lltUggH{font-family:'Hiragino Sans','ヒラギノ角ゴシック','Hiragino Kaku Gothic ProN','ヒラギノ角ゴ ProN W3',Roboto,'Droid Sans','游ゴシック',YuGothic,'メイリオ',Meiryo,sans-serif;background:#db7093}",
  },
  Object {
    "path": "../../../mocks/react-component-with-css/_compile-tests-package2/template.js",
    "source": "var oc=oc||{};oc.components=oc.components||{};oc.components['e9ba7a11319bcb5e4afd8846a395c9e00bc7d091']=function(model){ return \`<div id=\\"oc-reactRoot-react-component-with-css\\" class=\\"oc-reactRoot-react-component-with-css\\" >\${ model.__html ? model.__html : '' }</div> <style>.awesome__2lltUggH{font-family:'Hiragino Sans','ヒラギノ角ゴシック','Hiragino Kaku Gothic ProN','ヒラギノ角ゴ ProN W3',Roboto,'Droid Sans','游ゴシック',YuGothic,'メイリオ',Meiryo,sans-serif;background:#db7093}</style> <script> window.oc = window.oc || {}; oc.cmd = oc.cmd || []; oc.cmd.push(function(oc){ oc.requireSeries([{\\"name\\":\\"prop-types\\",\\"global\\":\\"PropTypes\\",\\"url\\":\\"cdn.com/prop-types\\"},{\\"name\\":\\"react\\",\\"global\\":\\"React\\",\\"url\\":\\"cdn.com/react\\"},{\\"name\\":\\"react-dom\\",\\"global\\":\\"ReactDOM\\",\\"url\\":\\"cdn.com/react-dom\\"}], function(){ oc.require( ['oc', 'reactComponents', '22ebdc1ee2c46e98121bfed4665285115bf3f342'], '\${model.reactComponent.props._staticPath}react-component.js', function(ReactComponent){ var targetNode = document.getElementById(\\"oc-reactRoot-react-component-with-css\\"); targetNode.setAttribute(\\"id\\",\\"\\"); ReactDOM.render(React.createElement(ReactComponent, \${JSON.stringify(model.reactComponent.props)}),targetNode); } ); }); }); </script> \`; }",
  },
]
`;

exports[`Should handle server.js-less components 1`] = `
Object {
  "devDependencies": Object {
    "oc-template-react-compiler": "*",
  },
  "name": "react-component",
  "oc": Object {
    "date": "",
    "files": Object {
      "static": Array [
        "assets",
      ],
      "template": Object {
        "hashKey": "6774aea90b8fbb0f70c81153b5290fecb3c98e42",
        "src": "template.js",
        "type": "oc-template-react",
        "version": "",
      },
    },
    "packaged": true,
    "version": "1.0.0",
  },
  "version": "1.0.0",
}
`;

exports[`Should handle server.js-less components 2`] = `
Array [
  Object {
    "path": "../../../mocks/react-component/_compile-tests-package4/assets/img/test.png",
    "source": "img-binary",
  },
  Object {
    "path": "../../../mocks/react-component/_compile-tests-package4/assets/js/lib.js",
    "source": "const text = \\"Hello World\\";
const say = something => console.log(something);
say(text);
",
  },
  Object {
    "path": "../../../mocks/react-component/_compile-tests-package4/package.json",
    "source": "{\\"name\\":\\"react-component\\",\\"version\\":\\"1.0.0\\",\\"oc\\":{\\"files\\":{\\"static\\":[\\"assets\\"],\\"template\\":{\\"type\\":\\"oc-template-react\\",\\"hashKey\\":\\"6774aea90b8fbb0f70c81153b5290fecb3c98e42\\",\\"src\\":\\"template.js\\",\\"version\\":\\"6.6.6\\"}},\\"version\\":\\"1.0.0\\",\\"packaged\\":true,},\\"devDependencies\\":{\\"oc-template-react-compiler\\":\\"*\\"}}
",
  },
  Object {
    "path": "../../../mocks/react-component/_compile-tests-package4/react-component.js",
    "source": "var oc=oc||{};oc.reactComponents=oc.reactComponents||{};oc.reactComponents['445312f64fea67fd3f958058a5aa551acae1ebae']=oc.reactComponents['445312f64fea67fd3f958058a5aa551acae1ebae']||(function(){var module = (function(a){function b(d){if(c[d])return c[d].exports;var e=c[d]={i:d,l:!1,exports:{}};return a[d].call(e.exports,e,e.exports,b),e.l=!0,e.exports}var c={};return b.m=a,b.c=c,b.d=function(a,c,d){b.o(a,c)||Object.defineProperty(a,c,{configurable:!1,enumerable:!0,get:d})},b.n=function(a){var c=a&&a.__esModule?function(){return a['default']}:function(){return a};return b.d(c,'a',c),c},b.o=function(a,b){return Object.prototype.hasOwnProperty.call(a,b)},b.p='',b(b.s=1)})([function(a){a.exports=React},function(a,b,c){'use strict';function d(a,b){var c={};for(var d in a)0<=b.indexOf(d)||Object.prototype.hasOwnProperty.call(a,d)&&(c[d]=a[d]);return c}function e(a,b){if(!(a instanceof b))throw new TypeError('Cannot call a class as a function')}function f(a,b){if(!a)throw new ReferenceError('this hasn\\\\'t been initialised - super() hasn\\\\'t been called');return b&&('object'==typeof b||'function'==typeof b)?b:a}function g(a,b){if('function'!=typeof b&&null!==b)throw new TypeError('Super expression must either be null or a function, not '+typeof b);a.prototype=Object.create(b&&b.prototype,{constructor:{value:a,enumerable:!1,writable:!0,configurable:!0}}),b&&(Object.setPrototypeOf?Object.setPrototypeOf(a,b):a.__proto__=b)}Object.defineProperty(b,'__esModule',{value:!0});var h=c(2),i=c.n(h),j=c(0),k=c.n(j),l=c(3),m=function(a){function b(){return e(this,b),f(this,a.apply(this,arguments))}return g(b,a),b.prototype.getChildContext=function(){var a=this;return{getData:function(b,c){return windows.oc.getData({name:a.props._componentName,version:a.props._componentVersion,baseUrl:a.props._baseUrl,parameters:b},c)}}},b.prototype.render=function(){var a=this.props,b=a._staticPath,c=a._baseUrl,e=a._componentName,f=a._componentVersion,g=d(a,['_staticPath','_baseUrl','_componentName','_componentVersion']);return k.a.createElement(l.a,g)},b}(k.a.Component);b['default']=m,m.childContextTypes={getData:i.a.func}},function(a){a.exports=PropTypes},function(a,b,c){'use strict';var d=c(0),e=c.n(d);b.a=function(){return e.a.createElement('div',null,'Hello')}}]);; return module.default}())",
  },
  Object {
    "path": "../../../mocks/react-component/_compile-tests-package4/template.js",
    "source": "var oc=oc||{};oc.components=oc.components||{};oc.components['6774aea90b8fbb0f70c81153b5290fecb3c98e42']=function(model){ return \`<div id=\\"oc-reactRoot-react-component\\" class=\\"oc-reactRoot-react-component\\" >\${ model.__html ? model.__html : '' }</div> <style>null</style> <script> window.oc = window.oc || {}; oc.cmd = oc.cmd || []; oc.cmd.push(function(oc){ oc.requireSeries([{\\"name\\":\\"prop-types\\",\\"global\\":\\"PropTypes\\",\\"url\\":\\"cdn.com/prop-types\\"},{\\"name\\":\\"react\\",\\"global\\":\\"React\\",\\"url\\":\\"cdn.com/react\\"},{\\"name\\":\\"react-dom\\",\\"global\\":\\"ReactDOM\\",\\"url\\":\\"cdn.com/react-dom\\"}], function(){ oc.require( ['oc', 'reactComponents', '445312f64fea67fd3f958058a5aa551acae1ebae'], '\${model.reactComponent.props._staticPath}react-component.js', function(ReactComponent){ var targetNode = document.getElementById(\\"oc-reactRoot-react-component\\"); targetNode.setAttribute(\\"id\\",\\"\\"); ReactDOM.render(React.createElement(ReactComponent, \${JSON.stringify(model.reactComponent.props)}),targetNode); } ); }); }); </script> \`; }",
  },
]
`;

exports[`Should handle server.js-less components 3`] = `
Object {
  "devDependencies": Object {
    "oc-template-react-compiler": "*",
  },
  "name": "react-component-with-css",
  "oc": Object {
    "date": "",
    "files": Object {
      "static": Array [
        "assets",
      ],
      "template": Object {
        "hashKey": "e9ba7a11319bcb5e4afd8846a395c9e00bc7d091",
        "src": "template.js",
        "type": "oc-template-react",
        "version": "",
      },
    },
    "packaged": true,
    "version": "1.0.0",
  },
  "version": "1.0.0",
}
`;

exports[`Should handle server.js-less components 4`] = `
Array [
  Object {
    "path": "../../../mocks/react-component-with-css/_compile-tests-package4/assets/img/test.png",
    "source": "img-binary",
  },
  Object {
    "path": "../../../mocks/react-component-with-css/_compile-tests-package4/assets/js/lib.js",
    "source": "const text = \\"Hello World\\";
const say = something => console.log(something);
say(text);
",
  },
  Object {
    "path": "../../../mocks/react-component-with-css/_compile-tests-package4/package.json",
    "source": "{\\"name\\":\\"react-component-with-css\\",\\"version\\":\\"1.0.0\\",\\"oc\\":{\\"files\\":{\\"static\\":[\\"assets\\"],\\"template\\":{\\"type\\":\\"oc-template-react\\",\\"hashKey\\":\\"e9ba7a11319bcb5e4afd8846a395c9e00bc7d091\\",\\"src\\":\\"template.js\\",\\"version\\":\\"6.6.6\\"}},\\"version\\":\\"1.0.0\\",\\"packaged\\":true,},\\"devDependencies\\":{\\"oc-template-react-compiler\\":\\"*\\"}}
",
  },
  Object {
    "path": "../../../mocks/react-component-with-css/_compile-tests-package4/react-component.js",
    "source": "var oc=oc||{};oc.reactComponents=oc.reactComponents||{};oc.reactComponents['22ebdc1ee2c46e98121bfed4665285115bf3f342']=oc.reactComponents['22ebdc1ee2c46e98121bfed4665285115bf3f342']||(function(){var module = (function(a){function b(d){if(c[d])return c[d].exports;var e=c[d]={i:d,l:!1,exports:{}};return a[d].call(e.exports,e,e.exports,b),e.l=!0,e.exports}var c={};return b.m=a,b.c=c,b.d=function(a,c,d){b.o(a,c)||Object.defineProperty(a,c,{configurable:!1,enumerable:!0,get:d})},b.n=function(a){var c=a&&a.__esModule?function(){return a['default']}:function(){return a};return b.d(c,'a',c),c},b.o=function(a,b){return Object.prototype.hasOwnProperty.call(a,b)},b.p='',b(b.s=1)})([function(a){a.exports=React},function(a,b,c){'use strict';function d(a,b){var c={};for(var d in a)0<=b.indexOf(d)||Object.prototype.hasOwnProperty.call(a,d)&&(c[d]=a[d]);return c}function e(a,b){if(!(a instanceof b))throw new TypeError('Cannot call a class as a function')}function f(a,b){if(!a)throw new ReferenceError('this hasn\\\\'t been initialised - super() hasn\\\\'t been called');return b&&('object'==typeof b||'function'==typeof b)?b:a}function g(a,b){if('function'!=typeof b&&null!==b)throw new TypeError('Super expression must either be null or a function, not '+typeof b);a.prototype=Object.create(b&&b.prototype,{constructor:{value:a,enumerable:!1,writable:!0,configurable:!0}}),b&&(Object.setPrototypeOf?Object.setPrototypeOf(a,b):a.__proto__=b)}Object.defineProperty(b,'__esModule',{value:!0});var h=c(2),i=c.n(h),j=c(0),k=c.n(j),l=c(3),m=function(a){function b(){return e(this,b),f(this,a.apply(this,arguments))}return g(b,a),b.prototype.getChildContext=function(){var a=this;return{getData:function(b,c){return windows.oc.getData({name:a.props._componentName,version:a.props._componentVersion,baseUrl:a.props._baseUrl,parameters:b},c)}}},b.prototype.render=function(){var a=this.props,b=a._staticPath,c=a._baseUrl,e=a._componentName,f=a._componentVersion,g=d(a,['_staticPath','_baseUrl','_componentName','_componentVersion']);return k.a.createElement(l.a,g)},b}(k.a.Component);b['default']=m,m.childContextTypes={getData:i.a.func}},function(a){a.exports=PropTypes},function(a,b,c){'use strict';var d=c(0),e=c.n(d),f=c(4),g=c.n(f);b.a=function(){return e.a.createElement('div',{className:g.a.awesome},'Hello')}},function(a){a.exports={awesome:'awesome__2lltUggH'}}]);; return module.default}())",
  },
  Object {
    "path": "../../../mocks/react-component-with-css/_compile-tests-package4/styles.css",
    "source": ".awesome__2lltUggH{font-family:'Hiragino Sans','ヒラギノ角ゴシック','Hiragino Kaku Gothic ProN','ヒラギノ角ゴ ProN W3',Roboto,'Droid Sans','游ゴシック',YuGothic,'メイリオ',Meiryo,sans-serif;background:#db7093}",
  },
  Object {
    "path": "../../../mocks/react-component-with-css/_compile-tests-package4/template.js",
    "source": "var oc=oc||{};oc.components=oc.components||{};oc.components['e9ba7a11319bcb5e4afd8846a395c9e00bc7d091']=function(model){ return \`<div id=\\"oc-reactRoot-react-component-with-css\\" class=\\"oc-reactRoot-react-component-with-css\\" >\${ model.__html ? model.__html : '' }</div> <style>.awesome__2lltUggH{font-family:'Hiragino Sans','ヒラギノ角ゴシック','Hiragino Kaku Gothic ProN','ヒラギノ角ゴ ProN W3',Roboto,'Droid Sans','游ゴシック',YuGothic,'メイリオ',Meiryo,sans-serif;background:#db7093}</style> <script> window.oc = window.oc || {}; oc.cmd = oc.cmd || []; oc.cmd.push(function(oc){ oc.requireSeries([{\\"name\\":\\"prop-types\\",\\"global\\":\\"PropTypes\\",\\"url\\":\\"cdn.com/prop-types\\"},{\\"name\\":\\"react\\",\\"global\\":\\"React\\",\\"url\\":\\"cdn.com/react\\"},{\\"name\\":\\"react-dom\\",\\"global\\":\\"ReactDOM\\",\\"url\\":\\"cdn.com/react-dom\\"}], function(){ oc.require( ['oc', 'reactComponents', '22ebdc1ee2c46e98121bfed4665285115bf3f342'], '\${model.reactComponent.props._staticPath}react-component.js', function(ReactComponent){ var targetNode = document.getElementById(\\"oc-reactRoot-react-component-with-css\\"); targetNode.setAttribute(\\"id\\",\\"\\"); ReactDOM.render(React.createElement(ReactComponent, \${JSON.stringify(model.reactComponent.props)}),targetNode); } ); }); }); </script> \`; }",
  },
]
`;

exports[`When files writing fails should return an error 1`] = `"app.js compilation failed - sorry I failed"`;
